This is LuaTeX, Version 1.18.0 (TeX Live 2024/Homebrew)  (format=dvilualatex 2024.3.10)  7 MAR 2026 10:46
 restricted system commands enabled.
**/Users/ychen/Documents/detective_sim/writing/main.tex
(/Users/ychen/Documents/detective_sim/writing/main.tex
LaTeX2e <2023-11-01> patch level 1
L3 programming layer <2024-02-20>
Lua module: luaotfload 2024-02-14 3.28 Lua based OpenType font support
Lua module: lualibs 2023-07-13 2.76 ConTeXt Lua standard libraries.
Lua module: lualibs-extended 2023-07-13 2.76 ConTeXt Lua libraries -- extended c
ollection.
luaotfload | conf : Root cache directory is "/usr/local/Cellar/texlive/20240312/
share/texmf-var/luatex-cache/generic/names".
luaotfload | init : Loading fontloader "fontloader-2023-12-28.lua" from kpse-res
olved path "/usr/local/Cellar/texlive/20240312/share/texmf-dist/tex/luatex/luaot
fload/fontloader-2023-12-28.lua".
Lua-only attribute luaotfload@noligature = 1
luaotfload | init : Context OpenType loader version 3.134
Inserting `luaotfload.node_processor' in `pre_linebreak_filter'.
Inserting `luaotfload.node_processor' in `hpack_filter'.
Inserting `luaotfload.glyph_stream' in `glyph_stream_provider'.
Inserting `luaotfload.define_font' in `define_font'.
Lua-only attribute luaotfload_color_attribute = 2
luaotfload | conf : Root cache directory is "/usr/local/Cellar/texlive/20240312/
share/texmf-var/luatex-cache/generic/names".
Lua-only attribute luaotfload.letterspace_done = 3
Inserting `luaotfload.aux.set_sscale_dimens' in `luaotfload.patch_font'.
Inserting `luaotfload.aux.set_font_index' in `luaotfload.patch_font'.
Inserting `luaotfload.aux.patch_cambria_domh' in `luaotfload.patch_font'.
Inserting `luaotfload.aux.fixup_fontdata' in `luaotfload.patch_font_unsafe'.
Inserting `luaotfload.aux.set_capheight' in `luaotfload.patch_font'.
Inserting `luaotfload.aux.set_xheight' in `luaotfload.patch_font'.
Inserting `luaotfload.rewrite_fontname' in `luaotfload.patch_font'.
Inserting `tracingstacklevels' in `input_level_string'.
(/usr/local/Cellar/texlive/20240312/share/texmf-dist/tex/latex/base/article.cls
Document Class: article 2023/05/17 v1.4n Standard LaTeX document class
(/usr/local/Cellar/texlive/20240312/share/texmf-dist/tex/latex/base/size10.clo
File: size10.clo 2023/05/17 v1.4n Standard LaTeX file (size option)
luaotfload | db : Font names database loaded from /usr/local/Cellar/texlive/2024
0312/share/texmf-var/luatex-cache/generic/names/luaotfload-names.luc.gz
Inserting `luaotfload.dvi' in `pre_shipout_filter'.)
\c@part=\count186
\c@section=\count187
\c@subsection=\count188
\c@subsubsection=\count189
\c@paragraph=\count190
\c@subparagraph=\count191
\c@figure=\count192
\c@table=\count193
\abovecaptionskip=\skip48
\belowcaptionskip=\skip49
\bibindent=\dimen139
)
(/usr/local/Cellar/texlive/20240312/share/texmf-dist/tex/latex/base/latexsym.st
y
Package: latexsym 1998/08/17 v2.2e Standard LaTeX package (lasy symbols)
\symlasy=\mathgroup4
LaTeX Font Info:    Overwriting symbol font `lasy' in version `bold'
(Font)                  U/lasy/m/n --> U/lasy/b/n on input line 52.
)
(/usr/local/Cellar/texlive/20240312/share/texmf-dist/tex/latex/base/fontenc.sty
Package: fontenc 2021/04/29 v2.0v Standard LaTeX package
LaTeX Font Info:    Trying to load font information for T1+lmr on input line 11
2.
(/usr/local/Cellar/texlive/20240312/share/texmf-dist/tex/latex/lm/t1lmr.fd
File: t1lmr.fd 2015/05/01 v1.6.1 Font defs for Latin Modern
))
(/usr/local/Cellar/texlive/20240312/share/texmf-dist/tex/latex/base/inputenc.st
y
Package: inputenc 2021/02/14 v1.3d Input encoding file
\inpenc@prehook=\toks17
\inpenc@posthook=\toks18


Package inputenc Warning: inputenc package ignored with utf8 based engines.

)
(/usr/local/Cellar/texlive/20240312/share/texmf-dist/tex/latex/graphics/graphic
x.sty
Package: graphicx 2021/09/16 v1.2d Enhanced LaTeX Graphics (DPC,SPQR)

(/usr/local/Cellar/texlive/20240312/share/texmf-dist/tex/latex/graphics/keyval.
sty
Package: keyval 2022/05/29 v1.15 key=value parser (DPC)
\KV@toks@=\toks19
)
(/usr/local/Cellar/texlive/20240312/share/texmf-dist/tex/latex/graphics/graphic
s.sty
Package: graphics 2022/03/10 v1.4e Standard LaTeX Graphics (DPC,SPQR)

(/usr/local/Cellar/texlive/20240312/share/texmf-dist/tex/latex/graphics/trig.st
y
Package: trig 2021/08/11 v1.11 sin cos tan (DPC)
)
(/usr/local/Cellar/texlive/20240312/share/texmf-dist/tex/latex/graphics-cfg/gra
phics.cfg
File: graphics.cfg 2016/06/04 v1.11 sample graphics configuration
)
Package graphics Info: Driver file: dvips.def on input line 107.

(/usr/local/Cellar/texlive/20240312/share/texmf-dist/tex/latex/graphics-def/dvi
ps.def
File: dvips.def 2022/09/22 v3.1e Graphics/color driver for dvips
))
\Gin@req@height=\dimen140
\Gin@req@width=\dimen141
)
(/usr/local/Cellar/texlive/20240312/share/texmf-dist/tex/latex/tools/tabularx.s
ty
Package: tabularx 2023/07/08 v2.11c `tabularx' package (DPC)

(/usr/local/Cellar/texlive/20240312/share/texmf-dist/tex/latex/tools/array.sty
Package: array 2023/10/16 v2.5g Tabular extension package (FMi)
\col@sep=\dimen142
\ar@mcellbox=\box51
\extrarowheight=\dimen143
\NC@list=\toks20
\extratabsurround=\skip50
\backup@length=\skip51
\ar@cellbox=\box52
)
\TX@col@width=\dimen144
\TX@old@table=\dimen145
\TX@old@col=\dimen146
\TX@target=\dimen147
\TX@delta=\dimen148
\TX@cols=\count194
\TX@ftn=\toks21
)
(/usr/local/Cellar/texlive/20240312/share/texmf-dist/tex/latex/multirow/multiro
w.sty
Package: multirow 2021/03/15 v2.8 Span multiple rows of a table
\multirow@colwidth=\skip52
\multirow@cntb=\count195
\multirow@dima=\skip53
\bigstrutjot=\dimen149
)
(/usr/local/Cellar/texlive/20240312/share/texmf-dist/tex/latex/booktabs/booktab
s.sty
Package: booktabs 2020/01/12 v1.61803398 Publication quality tables
\heavyrulewidth=\dimen150
\lightrulewidth=\dimen151
\cmidrulewidth=\dimen152
\belowrulesep=\dimen153
\belowbottomsep=\dimen154
\aboverulesep=\dimen155
\abovetopsep=\dimen156
\cmidrulesep=\dimen157
\cmidrulekern=\dimen158
\defaultaddspace=\dimen159
\@cmidla=\count196
\@cmidlb=\count197
\@aboverulesep=\dimen160
\@belowrulesep=\dimen161
\@thisruleclass=\count198
\@lastruleclass=\count199
\@thisrulewidth=\dimen162
)
(/usr/local/Cellar/texlive/20240312/share/texmf-dist/tex/latex/tocloft/tocloft.
sty
Package: tocloft 2017/08/31 v2.3i parameterised ToC, etc., typesetting
Package tocloft Info: The document has section divisions on input line 51.
\cftparskip=\skip54
\cftbeforetoctitleskip=\skip55
\cftaftertoctitleskip=\skip56
\cftbeforepartskip=\skip57
\cftpartnumwidth=\skip58
\cftpartindent=\skip59
\cftbeforesecskip=\skip60
\cftsecindent=\skip61
\cftsecnumwidth=\skip62
\cftbeforesubsecskip=\skip63
\cftsubsecindent=\skip64
\cftsubsecnumwidth=\skip65
\cftbeforesubsubsecskip=\skip66
\cftsubsubsecindent=\skip67
\cftsubsubsecnumwidth=\skip68
\cftbeforeparaskip=\skip69
\cftparaindent=\skip70
\cftparanumwidth=\skip71
\cftbeforesubparaskip=\skip72
\cftsubparaindent=\skip73
\cftsubparanumwidth=\skip74
\cftbeforeloftitleskip=\skip75
\cftafterloftitleskip=\skip76
\cftbeforefigskip=\skip77
\cftfigindent=\skip78
\cftfignumwidth=\skip79
\c@lofdepth=\count266
\c@lotdepth=\count267
\cftbeforelottitleskip=\skip80
\cftafterlottitleskip=\skip81
\cftbeforetabskip=\skip82
\cfttabindent=\skip83
\cfttabnumwidth=\skip84
)
(/usr/local/Cellar/texlive/20240312/share/texmf-dist/tex/latex/natbib/natbib.st
y
Package: natbib 2010/09/13 8.31b (PWD, AO)
\bibhang=\skip85
\bibsep=\skip86
LaTeX Info: Redefining \cite on input line 694.
\c@NAT@ctr=\count268
) (/usr/local/Cellar/texlive/20240312/share/texmf-dist/tex/latex/url/url.sty
\Urlmuskip=\muskip16
Package: url 2013/09/16  ver 3.4  Verb mode for urls, etc.
)
(/usr/local/Cellar/texlive/20240312/share/texmf-dist/tex/latex/amsmath/amsmath.
sty
Package: amsmath 2023/05/13 v2.17o AMS math features
\@mathmargin=\skip87

For additional information on amsmath, use the `?' option.

(/usr/local/Cellar/texlive/20240312/share/texmf-dist/tex/latex/amsmath/amstext.
sty
Package: amstext 2021/08/26 v2.01 AMS text

(/usr/local/Cellar/texlive/20240312/share/texmf-dist/tex/latex/amsmath/amsgen.s
ty
File: amsgen.sty 1999/11/30 v2.0 generic functions
\@emptytoks=\toks22
\ex@=\dimen163
))
(/usr/local/Cellar/texlive/20240312/share/texmf-dist/tex/latex/amsmath/amsbsy.s
ty
Package: amsbsy 1999/11/29 v1.2d Bold Symbols
\pmbraise@=\dimen164
)
(/usr/local/Cellar/texlive/20240312/share/texmf-dist/tex/latex/amsmath/amsopn.s
ty
Package: amsopn 2022/04/08 v2.04 operator names
)
\inf@bad=\count269
LaTeX Info: Redefining \frac on input line 236.
\uproot@=\count270
\leftroot@=\count271
LaTeX Info: Redefining \overline on input line 399.
LaTeX Info: Redefining \colon on input line 410.
\classnum@=\count272
\DOTSCASE@=\count273
LaTeX Info: Redefining \ldots on input line 496.
LaTeX Info: Redefining \dots on input line 499.
LaTeX Info: Redefining \cdots on input line 620.
\Mathstrutbox@=\box53
\strutbox@=\box54
LaTeX Info: Redefining \big on input line 722.
LaTeX Info: Redefining \Big on input line 723.
LaTeX Info: Redefining \bigg on input line 724.
LaTeX Info: Redefining \Bigg on input line 725.
\big@size=\dimen165
LaTeX Font Info:    Redeclaring font encoding OML on input line 743.
LaTeX Font Info:    Redeclaring font encoding OMS on input line 744.
\macc@depth=\count274
LaTeX Info: Redefining \bmod on input line 905.
LaTeX Info: Redefining \pmod on input line 910.
LaTeX Info: Redefining \smash on input line 940.
LaTeX Info: Redefining \relbar on input line 970.
LaTeX Info: Redefining \Relbar on input line 971.
\c@MaxMatrixCols=\count275
\dotsspace@=\muskip17
\c@parentequation=\count276
\dspbrk@lvl=\count277
\tag@help=\toks23
\row@=\count278
\column@=\count279
\maxfields@=\count280
\andhelp@=\toks24
\eqnshift@=\dimen166
\alignsep@=\dimen167
\tagshift@=\dimen168
\tagwidth@=\dimen169
\totwidth@=\dimen170
\lineht@=\dimen171
\@envbody=\toks25
\multlinegap=\skip88
\multlinetaggap=\skip89
\mathdisplay@stack=\toks26
LaTeX Info: Redefining \[ on input line 2953.
LaTeX Info: Redefining \] on input line 2954.
)
(/usr/local/Cellar/texlive/20240312/share/texmf-dist/tex/latex/appendix/appendi
x.sty
Package: appendix 2020/02/08 v1.2c extra appendix facilities
\c@@pps=\count281
\c@@ppsavesec=\count282
\c@@ppsaveapp=\count283
)
(/usr/local/Cellar/texlive/20240312/share/texmf-dist/tex/latex/l3backend/l3back
end-dvips.def
File: l3backend-dvips.def 2024-02-20 L3 backend support: dvips
\l__pdf_internal_box=\box55
\g__pdf_backend_object_int=\count284
\l__pdf_backend_content_box=\box56
\l__pdf_backend_model_box=\box57
\g__pdf_backend_annotation_int=\count285
\g__pdf_backend_link_int=\count286
\g__pdf_backend_link_sf_int=\count287
) (./main.aux

LaTeX Warning: Label `tab:placeholder_label' multiply defined.

)
\openout1 = main.aux

LaTeX Font Info:    Checking defaults for OML/cmm/m/it on input line 35.
LaTeX Font Info:    ... okay on input line 35.
LaTeX Font Info:    Checking defaults for OMS/cmsy/m/n on input line 35.
LaTeX Font Info:    ... okay on input line 35.
LaTeX Font Info:    Checking defaults for OT1/cmr/m/n on input line 35.
LaTeX Font Info:    ... okay on input line 35.
LaTeX Font Info:    Checking defaults for T1/cmr/m/n on input line 35.
LaTeX Font Info:    ... okay on input line 35.
LaTeX Font Info:    Checking defaults for TS1/cmr/m/n on input line 35.
LaTeX Font Info:    Trying to load font information for TS1+cmr on input line 3
5.
 (/usr/local/Cellar/texlive/20240312/share/texmf-dist/tex/latex/base/ts1cmr.fd
File: ts1cmr.fd 2023/04/13 v2.5m Standard LaTeX font definitions
)
LaTeX Font Info:    ... okay on input line 35.
LaTeX Font Info:    Checking defaults for TU/lmr/m/n on input line 35.
LaTeX Font Info:    ... okay on input line 35.
LaTeX Font Info:    Checking defaults for OMX/cmex/m/n on input line 35.
LaTeX Font Info:    ... okay on input line 35.
LaTeX Font Info:    Checking defaults for U/cmr/m/n on input line 35.
LaTeX Font Info:    ... okay on input line 35.
LaTeX Font Info:    Trying to load font information for U+lasy on input line 37
.
 (/usr/local/Cellar/texlive/20240312/share/texmf-dist/tex/latex/base/ulasy.fd
File: ulasy.fd 1998/08/17 v2.2e LaTeX symbol font definitions
) [1

] [2]
LaTeX Font Info:    Trying to load font information for T1+lmtt on input line 5
8.

(/usr/local/Cellar/texlive/20240312/share/texmf-dist/tex/latex/lm/t1lmtt.fd
File: t1lmtt.fd 2015/05/01 v1.6.1 Font defs for Latin Modern
)
[3] (./main.lof)
\tf@lof=\write3

\openout3 = main.lof
 (./main.lot)
\tf@lot=\write4

\openout4 = main.lot
 [4] (./main.toc [5])
\tf@toc=\write5

\openout5 = main.toc
 [6]

Package natbib Warning: Citation `ji2025enhancing' on page 7 undefined on input
 line 89.


Package natbib Warning: Citation `guo2024review' on page 7 undefined on input l
ine 89.


Package natbib Warning: Citation `park2022social' on page 7 undefined on input 
line 89.


Package natbib Warning: Citation `park2023generative' on page 7 undefined on in
put line 89.


Package natbib Warning: Citation `aher2023using' on page 7 undefined on input l
ine 89.


Package natbib Warning: Citation `xu2024survey' on page 7 undefined on input li
ne 89.


Package natbib Warning: Citation `guo2026collab' on page 7 undefined on input l
ine 89.


Package natbib Warning: Citation `baltaji2024cultured' on page 7 undefined on i
nput line 89.


Package natbib Warning: Citation `choi2024examining' on page 7 undefined on inp
ut line 91.


Package natbib Warning: Citation `bhandari2025can' on page 7 undefined on input
 line 91.


Package natbib Warning: Citation `abdulhai2025consistently' on page 7 undefined
 on input line 91.


Package natbib Warning: Citation `ji2025enhancing' on page 7 undefined on input
 line 91.


Package natbib Warning: Citation `przystalski2025stylometry' on page 7 undefine
d on input line 94.


Package natbib Warning: Citation `van2016stylometry' on page 7 undefined on inp
ut line 94.


Package natbib Warning: Citation `bucholtz2005identity' on page 7 undefined on 
input line 96.

[7
Missing character: There is no ‘ (U+2018) in font ec-lmr10!
Missing character: There is no ’ (U+2019) in font ec-lmr10!
Missing character: There is no “ (U+201C) in font ec-lmr10!
Missing character: There is no … (U+2026) in font ec-lmr10!
Missing character: There is no ” (U+201D) in font ec-lmr10!
]

Package natbib Warning: Citation `zhou2023characterglm' on page 8 undefined on 
input line 100.


Package natbib Warning: Citation `li2021ditto' on page 8 undefined on input lin
e 100.


Package natbib Warning: Citation `lu2024large' on page 8 undefined on input lin
e 100.


Package natbib Warning: Citation `chae2023dialogue' on page 8 undefined on inpu
t line 100.


Package natbib Warning: Citation `shea2023building' on page 8 undefined on inpu
t line 100.

[8
Missing character: There is no ’ (U+2019) in font ec-lmr10!
]
Overfull \hbox (5.8809pt too wide) in paragraph at lines 119--120
[]\T1/lmr/bx/n/10 Clas-si-fier Val-i-da-tion and Cal-i-bra-tion\T1/lmr/m/n/10 :
 This study in-tro-duces a method-
 []


Package natbib Warning: Citation `culpeper2001language' on page 9 undefined on 
input line 128.


Package natbib Warning: Citation `van2016stylometry' on page 9 undefined on inp
ut line 130.


Package natbib Warning: Citation `burrows1987computation' on page 9 undefined o
n input line 130.


Package natbib Warning: Citation `przystalski2025stylometry' on page 9 undefine
d on input line 132.

[9
Missing character: There is no ’ (U+2019) in font ec-lmr10!
Missing character: There is no ’ (U+2019) in font ec-lmr10!
Missing character: There is no ’ (U+2019) in font ec-lmr10!
Missing character: There is no “ (U+201C) in font ec-lmr10!
Missing character: There is no ” (U+201D) in font ec-lmr10!
Missing character: There is no ’ (U+2019) in font ec-lmr10!
]

Package natbib Warning: Citation `chen2023autoagents' on page 10 undefined on i
nput line 140.


Package natbib Warning: Citation `tu2024charactereval' on page 10 undefined on 
input line 140.


Package natbib Warning: Citation `zhang2018personalizing' on page 10 undefined 
on input line 142.


Package natbib Warning: Citation `zhou2023characterglm' on page 10 undefined on
 input line 142.


Package natbib Warning: Citation `li2021ditto' on page 10 undefined on input li
ne 142.


Package natbib Warning: Citation `lu2024large' on page 10 undefined on input li
ne 142.


Package natbib Warning: Citation `shea2023building' on page 10 undefined on inp
ut line 142.


Package natbib Warning: Citation `chen2025compress' on page 10 undefined on inp
ut line 142.

[10]

Package natbib Warning: Citation `choi2024examining' on page 11 undefined on in
put line 144.


Package natbib Warning: Citation `frisch2024llm' on page 11 undefined on input 
line 144.


Package natbib Warning: Citation `yang2024crafting' on page 11 undefined on inp
ut line 154.


Package natbib Warning: Citation `zhou2023characterglm' on page 11 undefined on
 input line 154.


Package natbib Warning: Citation `tu2024charactereval' on page 11 undefined on 
input line 154.


Package natbib Warning: Citation `zhu2024player' on page 11 undefined on input 
line 154.


Package natbib Warning: Citation `zhou2023characterglm' on page 11 undefined on
 input line 156.


Package natbib Warning: Citation `zhu2024player' on page 11 undefined on input 
line 156.


Package natbib Warning: Citation `chen2023hp' on page 11 undefined on input lin
e 160.


Package natbib Warning: Citation `chen2024review' on page 11 undefined on input
 line 160.


Package natbib Warning: Citation `shao2023characterllm' on page 11 undefined on
 input line 160.


Package natbib Warning: Citation `shao2023characterllm' on page 11 undefined on
 input line 162.


Package natbib Warning: Citation `park2023generative' on page 11 undefined on i
nput line 162.


Package natbib Warning: Citation `chen2023hp' on page 11 undefined on input lin
e 162.


Package natbib Warning: Citation `chen2024review' on page 11 undefined on input
 line 162.

[11
Missing character: There is no ’ (U+2019) in font ec-lmr10!
Missing character: There is no ’ (U+2019) in font ec-lmr10!
]

Package natbib Warning: Citation `jiang2024personallm' on page 12 undefined on 
input line 164.


Package natbib Warning: Citation `sorokovikova2024llms' on page 12 undefined on
 input line 164.


Package natbib Warning: Citation `pan2023llms' on page 12 undefined on input li
ne 164.


Package natbib Warning: Citation `wang2024incharacter' on page 12 undefined on 
input line 164.


Package natbib Warning: Citation `zhou2023characterglm' on page 12 undefined on
 input line 164.


Package natbib Warning: Citation `chen2023hp' on page 12 undefined on input lin
e 168.


Package natbib Warning: Citation `wang2024rolellm' on page 12 undefined on inpu
t line 168.


Package natbib Warning: Citation `wang2024character100' on page 12 undefined on
 input line 168.


Package natbib Warning: Citation `wang2024character100' on page 12 undefined on
 input line 170.


Package natbib Warning: Citation `wang2024incharacter' on page 12 undefined on 
input line 174.


Package natbib Warning: Citation `pan2023llms' on page 12 undefined on input li
ne 174.


Package natbib Warning: Citation `shao2023characterllm' on page 12 undefined on
 input line 176.


Package natbib Warning: Citation `chen2024socialbench' on page 12 undefined on 
input line 176.


Package natbib Warning: Citation `wang2024incharacter' on page 12 undefined on 
input line 176.


Package natbib Warning: Citation `xu2024destiny' on page 12 undefined on input 
line 176.


Package natbib Warning: Citation `wu2024jubensha' on page 12 undefined on input
 line 180.

[12
Missing character: There is no ’ (U+2019) in font ec-lmr10!
Missing character: There is no ’ (U+2019) in font ec-lmr10!
Missing character: There is no ’ (U+2019) in font ec-lmr10!
]

Package natbib Warning: Citation `guo2026collab' on page 13 undefined on input 
line 182.


Package natbib Warning: Citation `tseng2024two' on page 13 undefined on input l
ine 187.


Overfull \hbox (6.33351pt too wide) in paragraph at lines 189--190
[]\T1/lmr/m/n/10 To ad-dress this lim-i-ta-tion, the present study de-vel-ops a
 set of met-rics grounded
 []


Package natbib Warning: Citation `shao2023characterllm' on page 13 undefined on
 input line 191.


Package natbib Warning: Citation `wang2024incharacter' on page 13 undefined on 
input line 191.


Package natbib Warning: Citation `wu2024jubensha' on page 13 undefined on input
 line 191.


Package natbib Warning: Citation `zhou2023characterglm' on page 13 undefined on
 input line 193.


Package natbib Warning: Citation `wang2024rolellm' on page 13 undefined on inpu
t line 193.


Overfull \hbox (0.96356pt too wide) in paragraph at lines 193--194
\T1/lmr/m/n/10 specific vo-cab-u-lary or re-cur-ring ex-pres-sions. Such pat-te
rns may in-di-cate whether
 []


Package natbib Warning: Citation `park2023generative' on page 13 undefined on i
nput line 195.


Package natbib Warning: Citation `wang2024rolellm' on page 13 undefined on inpu
t line 195.


Package natbib Warning: Citation `ji2025enhancing' on page 13 undefined on inpu
t line 197.

[13
Missing character: There is no “ (U+201C) in font ec-lmr10!
Missing character: There is no ” (U+201D) in font ec-lmr10!
]

Package natbib Warning: Citation `choi2024examining' on page 14 undefined on in
put line 199.


Package natbib Warning: Citation `guo2024review' on page 14 undefined on input 
line 205.


Package natbib Warning: Citation `xi2025review' on page 14 undefined on input l
ine 205.


Package natbib Warning: Citation `guo2024review' on page 14 undefined on input 
line 205.


Package natbib Warning: Citation `zhu2024player' on page 14 undefined on input 
line 207.


Package natbib Warning: Citation `zhu2024player' on page 14 undefined on input 
line 207.


Package natbib Warning: Citation `wu2024jubensha' on page 14 undefined on input
 line 207.


Package natbib Warning: Citation `chen2024review' on page 14 undefined on input
 line 209.


Package natbib Warning: Citation `wu2024jubensha' on page 14 undefined on input
 line 209.


Package natbib Warning: Citation `zhu2024player' on page 14 undefined on input 
line 209.


Package natbib Warning: Citation `choi2024examining' on page 14 undefined on in
put line 209.


Package natbib Warning: Citation `baltaji2024cultured' on page 14 undefined on 
input line 209.


Package natbib Warning: Citation `guo2024review' on page 14 undefined on input 
line 213.


Package natbib Warning: Citation `zhu2024player' on page 14 undefined on input 
line 213.


Package natbib Warning: Citation `guo2026collab' on page 14 undefined on input 
line 213.


Package natbib Warning: Citation `parfenova2025emergent' on page 14 undefined o
n input line 213.

[14]

Package natbib Warning: Citation `choi2024examining' on page 15 undefined on in
put line 215.


Package natbib Warning: Citation `baltaji2024cultured' on page 15 undefined on 
input line 215.


Package natbib Warning: Citation `park2023generative' on page 15 undefined on i
nput line 217.


Package natbib Warning: Citation `moon2024anthology' on page 15 undefined on in
put line 217.

[15
Missing character: There is no ’ (U+2019) in font ec-lmr10!
Missing character: There is no — (U+2014) in font ec-lmr10!
Missing character: There is no ‑ (U+2011) in font ec-lmr10!
Missing character: There is no – (U+2013) in font ec-lmr10!
Missing character: There is no ‑ (U+2011) in font ec-lmr10!
Missing character: There is no ‑ (U+2011) in font ec-lmr10!
Missing character: There is no ‑ (U+2011) in font ec-lmr10!
Missing character: There is no ‑ (U+2011) in font ec-lmr10!
]

Package natbib Warning: Citation `zhou2023characterglm' on page 16 undefined on
 input line 227.


Package natbib Warning: Citation `chen2024review' on page 16 undefined on input
 line 227.


Package natbib Warning: Citation `liu2023dynamic' on page 16 undefined on input
 line 229.


Package natbib Warning: Citation `guo2024review' on page 16 undefined on input 
line 229.


Package natbib Warning: Citation `xi2025review' on page 16 undefined on input l
ine 229.


Package natbib Warning: Citation `shao2023characterllm' on page 16 undefined on
 input line 229.


Package natbib Warning: Citation `baltaji2024cultured' on page 16 undefined on 
input line 229.


Package natbib Warning: Citation `chen2024review' on page 16 undefined on input
 line 229.


Package natbib Warning: Citation `wang2024rolellm' on page 16 undefined on inpu
t line 231.


Package natbib Warning: Citation `wang2024rolellm' on page 16 undefined on inpu
t line 231.


Package natbib Warning: Citation `ji2025enhancing' on page 16 undefined on inpu
t line 231.


Package natbib Warning: Citation `choi2024examining' on page 16 undefined on in
put line 231.


Package natbib Warning: Citation `delima2025detective' on page 16 undefined on 
input line 231.


Package natbib Warning: Citation `shao2023characterllm' on page 16 undefined on
 input line 236.


Package natbib Warning: Citation `choi2024examining' on page 16 undefined on in
put line 238.


Package natbib Warning: Citation `delima2025detective' on page 16 undefined on 
input line 238.


Package natbib Warning: Citation `choi2024examining' on page 16 undefined on in
put line 238.

[16
Missing character: There is no — (U+2014) in font ec-lmr10!
Missing character: There is no ’ (U+2019) in font ec-lmr10!
]

Package natbib Warning: Citation `park2023generative' on page 17 undefined on i
nput line 240.


Package natbib Warning: Citation `guo2026collab' on page 17 undefined on input 
line 240.


Package natbib Warning: Citation `delima2025detective' on page 17 undefined on 
input line 241.


Package natbib Warning: Citation `choi2024examining' on page 17 undefined on in
put line 241.


Package natbib Warning: Citation `guo2026collab' on page 17 undefined on input 
line 241.


Package natbib Warning: Citation `wu2024jubensha' on page 17 undefined on input
 line 245.


Package natbib Warning: Citation `zhu2024player' on page 17 undefined on input 
line 245.


Package natbib Warning: Citation `wu2024jubensha' on page 17 undefined on input
 line 245.


Package natbib Warning: Citation `delima2025detective' on page 17 undefined on 
input line 247.


Package natbib Warning: Citation `chen2023hp' on page 17 undefined on input lin
e 247.


Package natbib Warning: Citation `chen2024review' on page 17 undefined on input
 line 247.


Package natbib Warning: Citation `wu2024jubensha' on page 17 undefined on input
 line 249.


Package natbib Warning: Citation `zhu2024player' on page 17 undefined on input 
line 249.


Package natbib Warning: Citation `guo2026collab' on page 17 undefined on input 
line 249.


Package natbib Warning: Citation `delima2025detective' on page 17 undefined on 
input line 249.

[17
Missing character: There is no — (U+2014) in font ec-lmr10!
Missing character: There is no — (U+2014) in font ec-lmr10!
Missing character: There is no ’ (U+2019) in font ec-lmr10!
]

Package natbib Warning: Citation `baltaji2024cultured' on page 18 undefined on 
input line 257.


Package natbib Warning: Citation `guo2026collab' on page 18 undefined on input 
line 257.


Package natbib Warning: Citation `park2023generative' on page 18 undefined on i
nput line 258.


Package natbib Warning: Citation `guo2026collab' on page 18 undefined on input 
line 258.


Package natbib Warning: Citation `zhou2023characterglm' on page 18 undefined on
 input line 267.


Overfull \hbox (10.37747pt too wide) in paragraph at lines 267--268
[]\T1/lmr/bx/n/10 Back-ground and Iden-tity\T1/lmr/m/n/10 : This com-po-nent es
-tab-lishes the shared "closed-
 []


Overfull \hbox (4.98701pt too wide) in paragraph at lines 269--270
[]\T1/lmr/bx/n/10 Col-lab-o-ra-tion Rules\T1/lmr/m/n/10 : This mod-ule de-fines
 global be-havioural con-straints,
 []


Package natbib Warning: Citation `wang2024rolellm' on page 18 undefined on inpu
t line 271.


Package natbib Warning: Citation `delima2025detective' on page 18 undefined on 
input line 271.

[18
Missing character: There is no ’ (U+2019) in font ec-lmr10!
Missing character: There is no ’ (U+2019) in font ec-lmr10!
Missing character: There is no ’ (U+2019) in font ec-lmr10!
Missing character: There is no “ (U+201C) in font ec-lmr10!
Missing character: There is no ” (U+201D) in font ec-lmr10!
Missing character: There is no ’ (U+2019) in font ec-lmr10!
]

Package natbib Warning: Citation `delima2025detective' on page 19 undefined on 
input line 274.


Package natbib Warning: Citation `delima2025detective' on page 19 undefined on 
input line 275.


Package natbib Warning: Citation `shao2023characterllm' on page 19 undefined on
 input line 278.


Package natbib Warning: Citation `chen2024review' on page 19 undefined on input
 line 278.


Package natbib Warning: Citation `zhu2024player' on page 19 undefined on input 
line 280.


Package natbib Warning: Citation `chen2024socialbench' on page 19 undefined on 
input line 285.

[19
Missing character: There is no ’ (U+2019) in font ec-lmr10!
]

Package natbib Warning: Citation `chen2024review' on page 20 undefined on input
 line 291.


Package natbib Warning: Citation `baltaji2024cultured' on page 20 undefined on 
input line 292.


Package natbib Warning: Citation `zhou2023characterglm' on page 20 undefined on
 input line 301.


Package natbib Warning: Citation `zhu2024player' on page 20 undefined on input 
line 310.

[20
Missing character: There is no ’ (U+2019) in font ec-lmr10!
Missing character: There is no ’ (U+2019) in font ec-lmr10!
Missing character: There is no “ (U+201C) in font ec-lmr10!
Missing character: There is no ” (U+201D) in font ec-lmr10!
]

Package natbib Warning: Citation `wang2024character100' on page 21 undefined on
 input line 314.

[21
Missing character: There is no ’ (U+2019) in font ec-lmr10!
Missing character: There is no ’ (U+2019) in font ec-lmr10!
]
Overfull \hbox (136.64005pt too wide) in paragraph at lines 343--355
 [][] 
 []

[22
Missing character: There is no ’ (U+2019) in font ec-lmr10!
]
Overfull \hbox (0.30461pt too wide) in paragraph at lines 371--372
[]\T1/lmr/m/n/10 The first con-fig-u-ra-tion was a three-class model dis-tin-gu
ish-ing Holmes, Poirot,
 []

[23
Missing character: There is no “ (U+201C) in font ec-lmr10!
Missing character: There is no ” (U+201D) in font ec-lmr10!
Missing character: There is no “ (U+201C) in font ec-lmr10!
Missing character: There is no ” (U+201D) in font ec-lmr10!
] [24
Missing character: There is no ’ (U+2019) in font ec-lmr10!
Missing character: There is no ’ (U+2019) in font ec-lmr10!
Missing character: There is no ’ (U+2019) in font ec-lmr10!
Missing character: There is no ’ (U+2019) in font ec-lmr10!
Missing character: There is no ’ (U+2019) in font ec-lmr10!
] [25
Missing character: There is no ’ (U+2019) in font ec-lmr10!
Missing character: There is no ’ (U+2019) in font ec-lmr10!
] [26
Missing character: There is no ’ (U+2019) in font ec-lmr10!
]
No file main.bbl.

Package natbib Warning: There were undefined citations.

[27
Missing character: There is no – (U+2013) in font ec-lmr10!
] [28] (./main.aux)
 ***********
LaTeX2e <2023-11-01> patch level 1
L3 programming layer <2024-02-20>
 ***********


LaTeX Warning: There were multiply-defined labels.

)

Here is how much of LuaTeX's memory you used:
 3177 strings out of 476442
 100000,1977958 words of node,token memory allocated
 699 words of node memory still in use:
   6 hlist, 2 vlist, 2 rule, 3 glue, 4 kern, 1 glyph, 13 attribute, 88 glue_spec
, 13 attribute_list, 1 write nodes
   avail lists: 2:956,3:327,4:20,5:459,6:84,7:8243,8:41,9:586,10:14,11:873
 25211 multiletter control sequences out of 65536+600000
 61 fonts using 3829823 bytes
 57i,9n,62p,1485b,240s stack positions out of 10000i,1000n,20000p,200000b,200000s
Output written on main.dvi (28 pages, 116040 bytes).
