This is pdfTeX, Version 3.141592653-2.6-1.40.26 (TeX Live 2024/Homebrew) (preloaded format=pdflatex 2024.3.20)  9 MAR 2026 17:28
entering extended mode
 restricted \write18 enabled.
 file:line:error style messages enabled.
 %&-line parsing enabled.
**/Users/ychen/Documents/detective_sim/writing/thesis_main
(/Users/ychen/Documents/detective_sim/writing/thesis_main.tex
LaTeX2e <2023-11-01> patch level 1
L3 programming layer <2024-02-20>
(/usr/local/Cellar/texlive/20240312/share/texmf-dist/tex/latex/base/article.cls
Document Class: article 2023/05/17 v1.4n Standard LaTeX document class
(/usr/local/Cellar/texlive/20240312/share/texmf-dist/tex/latex/base/size10.clo
File: size10.clo 2023/05/17 v1.4n Standard LaTeX file (size option)
)
\c@part=\count188
\c@section=\count189
\c@subsection=\count190
\c@subsubsection=\count191
\c@paragraph=\count192
\c@subparagraph=\count193
\c@figure=\count194
\c@table=\count195
\abovecaptionskip=\skip48
\belowcaptionskip=\skip49
\bibindent=\dimen140
) (/usr/local/Cellar/texlive/20240312/share/texmf-dist/tex/latex/base/latexsym.sty
Package: latexsym 1998/08/17 v2.2e Standard LaTeX package (lasy symbols)
\symlasy=\mathgroup4
LaTeX Font Info:    Overwriting symbol font `lasy' in version `bold'
(Font)                  U/lasy/m/n --> U/lasy/b/n on input line 52.
) (/usr/local/Cellar/texlive/20240312/share/texmf-dist/tex/latex/base/fontenc.sty
Package: fontenc 2021/04/29 v2.0v Standard LaTeX package
) (/usr/local/Cellar/texlive/20240312/share/texmf-dist/tex/latex/base/inputenc.sty
Package: inputenc 2021/02/14 v1.3d Input encoding file
\inpenc@prehook=\toks17
\inpenc@posthook=\toks18
) (/usr/local/Cellar/texlive/20240312/share/texmf-dist/tex/latex/graphics/graphicx.sty
Package: graphicx 2021/09/16 v1.2d Enhanced LaTeX Graphics (DPC,SPQR)
 (/usr/local/Cellar/texlive/20240312/share/texmf-dist/tex/latex/graphics/keyval.sty
Package: keyval 2022/05/29 v1.15 key=value parser (DPC)
\KV@toks@=\toks19
) (/usr/local/Cellar/texlive/20240312/share/texmf-dist/tex/latex/graphics/graphics.sty
Package: graphics 2022/03/10 v1.4e Standard LaTeX Graphics (DPC,SPQR)
 (/usr/local/Cellar/texlive/20240312/share/texmf-dist/tex/latex/graphics/trig.sty
Package: trig 2021/08/11 v1.11 sin cos tan (DPC)
) (/usr/local/Cellar/texlive/20240312/share/texmf-dist/tex/latex/graphics-cfg/graphics.cfg
File: graphics.cfg 2016/06/04 v1.11 sample graphics configuration
)
Package graphics Info: Driver file: pdftex.def on input line 107.
 (/usr/local/Cellar/texlive/20240312/share/texmf-dist/tex/latex/graphics-def/pdftex.def
File: pdftex.def 2022/09/22 v1.2b Graphics/color driver for pdftex
))
\Gin@req@height=\dimen141
\Gin@req@width=\dimen142
) (/usr/local/Cellar/texlive/20240312/share/texmf-dist/tex/latex/caption/caption.sty
Package: caption 2023/08/05 v3.6o Customizing captions (AR)
 (/usr/local/Cellar/texlive/20240312/share/texmf-dist/tex/latex/caption/caption3.sty
Package: caption3 2023/07/31 v2.4d caption3 kernel (AR)
\caption@tempdima=\dimen143
\captionmargin=\dimen144
\caption@leftmargin=\dimen145
\caption@rightmargin=\dimen146
\caption@width=\dimen147
\caption@indent=\dimen148
\caption@parindent=\dimen149
\caption@hangindent=\dimen150
Package caption Info: Standard document class detected.
)
\c@caption@flags=\count196
\c@continuedfloat=\count197
) (/usr/local/Cellar/texlive/20240312/share/texmf-dist/tex/latex/caption/subcaption.sty
Package: subcaption 2023/07/28 v1.6b Sub-captions (AR)
Package caption Info: New subtype `subfigure' on input line 238.
\c@subfigure=\count198
Package caption Info: New subtype `subtable' on input line 238.
\c@subtable=\count199
) (/usr/local/Cellar/texlive/20240312/share/texmf-dist/tex/latex/float/float.sty
Package: float 2001/11/08 v1.3d Float enhancements (AL)
\c@float@type=\count266
\float@exts=\toks20
\float@box=\box51
\@float@everytoks=\toks21
\@floatcapt=\box52
) (/usr/local/Cellar/texlive/20240312/share/texmf-dist/tex/latex/cutwin/cutwin.sty
Package: cutwin 2021/10/13 v0.2 cutout windows
\c@twwinlines=\count267
\c@twtoplines=\count268
\c@twcnt=\count269
\c@twlftside=\dimen151
\c@twrtside=\dimen152
\c@twtopht=\dimen153
\c@twvsilg=\dimen154
\c@twtoka=\toks22
\c@twtokb=\toks23
\c@twrawtext=\box53
\c@twholdwin=\box54
\c@twwindow=\box55
\c@twfinaltext=\box56
\c@twslicea=\box57
\c@twsliceb=\box58
\c@twdima=\dimen155
\c@twdimb=\dimen156
) (/usr/local/Cellar/texlive/20240312/share/texmf-dist/tex/latex/tools/tabularx.sty
Package: tabularx 2023/07/08 v2.11c `tabularx' package (DPC)
 (/usr/local/Cellar/texlive/20240312/share/texmf-dist/tex/latex/tools/array.sty
Package: array 2023/10/16 v2.5g Tabular extension package (FMi)
\col@sep=\dimen157
\ar@mcellbox=\box59
\extrarowheight=\dimen158
\NC@list=\toks24
\extratabsurround=\skip50
\backup@length=\skip51
\ar@cellbox=\box60
)
\TX@col@width=\dimen159
\TX@old@table=\dimen160
\TX@old@col=\dimen161
\TX@target=\dimen162
\TX@delta=\dimen163
\TX@cols=\count270
\TX@ftn=\toks25
) (/usr/local/Cellar/texlive/20240312/share/texmf-dist/tex/latex/multirow/multirow.sty
Package: multirow 2021/03/15 v2.8 Span multiple rows of a table
\multirow@colwidth=\skip52
\multirow@cntb=\count271
\multirow@dima=\skip53
\bigstrutjot=\dimen164
) (/usr/local/Cellar/texlive/20240312/share/texmf-dist/tex/latex/booktabs/booktabs.sty
Package: booktabs 2020/01/12 v1.61803398 Publication quality tables
\heavyrulewidth=\dimen165
\lightrulewidth=\dimen166
\cmidrulewidth=\dimen167
\belowrulesep=\dimen168
\belowbottomsep=\dimen169
\aboverulesep=\dimen170
\abovetopsep=\dimen171
\cmidrulesep=\dimen172
\cmidrulekern=\dimen173
\defaultaddspace=\dimen174
\@cmidla=\count272
\@cmidlb=\count273
\@aboverulesep=\dimen175
\@belowrulesep=\dimen176
\@thisruleclass=\count274
\@lastruleclass=\count275
\@thisrulewidth=\dimen177
) (/usr/local/Cellar/texlive/20240312/share/texmf-dist/tex/latex/tocloft/tocloft.sty
Package: tocloft 2017/08/31 v2.3i parameterised ToC, etc., typesetting
Package tocloft Info: The document has section divisions on input line 51.
\cftparskip=\skip54
\cftbeforetoctitleskip=\skip55
\cftaftertoctitleskip=\skip56
\cftbeforepartskip=\skip57
\cftpartnumwidth=\skip58
\cftpartindent=\skip59
\cftbeforesecskip=\skip60
\cftsecindent=\skip61
\cftsecnumwidth=\skip62
\cftbeforesubsecskip=\skip63
\cftsubsecindent=\skip64
\cftsubsecnumwidth=\skip65
\cftbeforesubsubsecskip=\skip66
\cftsubsubsecindent=\skip67
\cftsubsubsecnumwidth=\skip68
\cftbeforeparaskip=\skip69
\cftparaindent=\skip70
\cftparanumwidth=\skip71
\cftbeforesubparaskip=\skip72
\cftsubparaindent=\skip73
\cftsubparanumwidth=\skip74
\cftbeforeloftitleskip=\skip75
\cftafterloftitleskip=\skip76
\cftbeforefigskip=\skip77
\cftfigindent=\skip78
\cftfignumwidth=\skip79
\c@lofdepth=\count276
\c@lotdepth=\count277
\cftbeforelottitleskip=\skip80
\cftafterlottitleskip=\skip81
\cftbeforetabskip=\skip82
\cfttabindent=\skip83
\cfttabnumwidth=\skip84
) (/usr/local/Cellar/texlive/20240312/share/texmf-dist/tex/latex/titlesec/titlesec.sty
Package: titlesec 2023/10/27 v2.16 Sectioning titles
\ttl@box=\box61
\beforetitleunit=\skip85
\aftertitleunit=\skip86
\ttl@plus=\dimen178
\ttl@minus=\dimen179
\ttl@toksa=\toks26
\titlewidth=\dimen180
\titlewidthlast=\dimen181
\titlewidthfirst=\dimen182
) (/usr/local/Cellar/texlive/20240312/share/texmf-dist/tex/latex/mfirstuc/mfirstuc.sty
Package: mfirstuc 2022/10/14 v2.08 (NLCT)
 (/usr/local/Cellar/texlive/20240312/share/texmf-dist/tex/latex/etoolbox/etoolbox.sty
Package: etoolbox 2020/10/05 v2.5k e-TeX tools for LaTeX (JAW)
\etb@tempcnta=\count278
)
\@glsmfirst=\toks27
\@glsmrest=\toks28
) (/usr/local/Cellar/texlive/20240312/share/texmf-dist/tex/latex/natbib/natbib.sty
Package: natbib 2010/09/13 8.31b (PWD, AO)
\bibhang=\skip87
\bibsep=\skip88
LaTeX Info: Redefining \cite on input line 694.
\c@NAT@ctr=\count279
) (/usr/local/Cellar/texlive/20240312/share/texmf-dist/tex/latex/url/url.sty
\Urlmuskip=\muskip16
Package: url 2013/09/16  ver 3.4  Verb mode for urls, etc.
) (/usr/local/Cellar/texlive/20240312/share/texmf-dist/tex/latex/amsmath/amsmath.sty
Package: amsmath 2023/05/13 v2.17o AMS math features
\@mathmargin=\skip89

For additional information on amsmath, use the `?' option.
(/usr/local/Cellar/texlive/20240312/share/texmf-dist/tex/latex/amsmath/amstext.sty
Package: amstext 2021/08/26 v2.01 AMS text
 (/usr/local/Cellar/texlive/20240312/share/texmf-dist/tex/latex/amsmath/amsgen.sty
File: amsgen.sty 1999/11/30 v2.0 generic functions
\@emptytoks=\toks29
\ex@=\dimen183
)) (/usr/local/Cellar/texlive/20240312/share/texmf-dist/tex/latex/amsmath/amsbsy.sty
Package: amsbsy 1999/11/29 v1.2d Bold Symbols
\pmbraise@=\dimen184
) (/usr/local/Cellar/texlive/20240312/share/texmf-dist/tex/latex/amsmath/amsopn.sty
Package: amsopn 2022/04/08 v2.04 operator names
)
\inf@bad=\count280
LaTeX Info: Redefining \frac on input line 234.
\uproot@=\count281
\leftroot@=\count282
LaTeX Info: Redefining \overline on input line 399.
LaTeX Info: Redefining \colon on input line 410.
\classnum@=\count283
\DOTSCASE@=\count284
LaTeX Info: Redefining \ldots on input line 496.
LaTeX Info: Redefining \dots on input line 499.
LaTeX Info: Redefining \cdots on input line 620.
\Mathstrutbox@=\box62
\strutbox@=\box63
LaTeX Info: Redefining \big on input line 722.
LaTeX Info: Redefining \Big on input line 723.
LaTeX Info: Redefining \bigg on input line 724.
LaTeX Info: Redefining \Bigg on input line 725.
\big@size=\dimen185
LaTeX Font Info:    Redeclaring font encoding OML on input line 743.
LaTeX Font Info:    Redeclaring font encoding OMS on input line 744.
\macc@depth=\count285
LaTeX Info: Redefining \bmod on input line 905.
LaTeX Info: Redefining \pmod on input line 910.
LaTeX Info: Redefining \smash on input line 940.
LaTeX Info: Redefining \relbar on input line 970.
LaTeX Info: Redefining \Relbar on input line 971.
\c@MaxMatrixCols=\count286
\dotsspace@=\muskip17
\c@parentequation=\count287
\dspbrk@lvl=\count288
\tag@help=\toks30
\row@=\count289
\column@=\count290
\maxfields@=\count291
\andhelp@=\toks31
\eqnshift@=\dimen186
\alignsep@=\dimen187
\tagshift@=\dimen188
\tagwidth@=\dimen189
\totwidth@=\dimen190
\lineht@=\dimen191
\@envbody=\toks32
\multlinegap=\skip90
\multlinetaggap=\skip91
\mathdisplay@stack=\toks33
LaTeX Info: Redefining \[ on input line 2953.
LaTeX Info: Redefining \] on input line 2954.
) (/usr/local/Cellar/texlive/20240312/share/texmf-dist/tex/latex/appendix/appendix.sty
Package: appendix 2020/02/08 v1.2c extra appendix facilities
\c@@pps=\count292
\c@@ppsavesec=\count293
\c@@ppsaveapp=\count294
) (/usr/local/Cellar/texlive/20240312/share/texmf-dist/tex/latex/l3backend/l3backend-pdftex.def
File: l3backend-pdftex.def 2024-02-20 L3 backend support: PDF output (pdfTeX)
\l__color_backend_stack_int=\count295
\l__pdf_internal_box=\box64
) (./thesis_main.aux)
\openout1 = `thesis_main.aux'.

LaTeX Font Info:    Checking defaults for OML/cmm/m/it on input line 52.
LaTeX Font Info:    ... okay on input line 52.
LaTeX Font Info:    Checking defaults for OMS/cmsy/m/n on input line 52.
LaTeX Font Info:    ... okay on input line 52.
LaTeX Font Info:    Checking defaults for OT1/cmr/m/n on input line 52.
LaTeX Font Info:    ... okay on input line 52.
LaTeX Font Info:    Checking defaults for T1/cmr/m/n on input line 52.
LaTeX Font Info:    ... okay on input line 52.
LaTeX Font Info:    Checking defaults for TS1/cmr/m/n on input line 52.
LaTeX Font Info:    ... okay on input line 52.
LaTeX Font Info:    Checking defaults for OMX/cmex/m/n on input line 52.
LaTeX Font Info:    ... okay on input line 52.
LaTeX Font Info:    Checking defaults for U/cmr/m/n on input line 52.
LaTeX Font Info:    ... okay on input line 52.
 (/usr/local/Cellar/texlive/20240312/share/texmf-dist/tex/context/base/mkii/supp-pdf.mkii
[Loading MPS to PDF converter (version 2006.09.02).]
\scratchcounter=\count296
\scratchdimen=\dimen192
\scratchbox=\box65
\nofMPsegments=\count297
\nofMParguments=\count298
\everyMPshowfont=\toks34
\MPscratchCnt=\count299
\MPscratchDim=\dimen193
\MPnumerator=\count300
\makeMPintoPDFobject=\count301
\everyMPtoPDFconversion=\toks35
) (/usr/local/Cellar/texlive/20240312/share/texmf-dist/tex/latex/epstopdf-pkg/epstopdf-base.sty
Package: epstopdf-base 2020-01-24 v2.11 Base part for package epstopdf
 (/usr/local/Cellar/texlive/20240312/share/texmf-dist/tex/generic/infwarerr/infwarerr.sty
Package: infwarerr 2019/12/03 v1.5 Providing info/warning/error messages (HO)
) (/usr/local/Cellar/texlive/20240312/share/texmf-dist/tex/latex/grfext/grfext.sty
Package: grfext 2019/12/03 v1.3 Manage graphics extensions (HO)
 (/usr/local/Cellar/texlive/20240312/share/texmf-dist/tex/generic/kvdefinekeys/kvdefinekeys.sty
Package: kvdefinekeys 2019-12-19 v1.6 Define keys (HO)
)) (/usr/local/Cellar/texlive/20240312/share/texmf-dist/tex/latex/kvoptions/kvoptions.sty
Package: kvoptions 2022-06-15 v3.15 Key value format for package options (HO)
 (/usr/local/Cellar/texlive/20240312/share/texmf-dist/tex/generic/ltxcmds/ltxcmds.sty
Package: ltxcmds 2023-12-04 v1.26 LaTeX kernel commands for general use (HO)
) (/usr/local/Cellar/texlive/20240312/share/texmf-dist/tex/latex/kvsetkeys/kvsetkeys.sty
Package: kvsetkeys 2022-10-05 v1.19 Key value parser (HO)
)) (/usr/local/Cellar/texlive/20240312/share/texmf-dist/tex/generic/pdftexcmds/pdftexcmds.sty
Package: pdftexcmds 2020-06-27 v0.33 Utility functions of pdfTeX for LuaTeX (HO)
 (/usr/local/Cellar/texlive/20240312/share/texmf-dist/tex/generic/iftex/iftex.sty
Package: iftex 2022/02/03 v1.0f TeX engine tests
)
Package pdftexcmds Info: \pdf@primitive is available.
Package pdftexcmds Info: \pdf@ifprimitive is available.
Package pdftexcmds Info: \pdfdraftmode found.
)
Package epstopdf-base Info: Redefining graphics rule for `.eps' on input line 485.
Package grfext Info: Graphics extension search list:
(grfext)             [.pdf,.png,.jpg,.mps,.jpeg,.jbig2,.jb2,.PDF,.PNG,.JPG,.JPEG,.JBIG2,.JB2,.eps]
(grfext)             \AppendGraphicsExtensions on input line 504.
 (/usr/local/Cellar/texlive/20240312/share/texmf-dist/tex/latex/latexconfig/epstopdf-sys.cfg
File: epstopdf-sys.cfg 2010/07/13 v1.3 Configuration of (r)epstopdf for TeX Live
))
Package caption Info: Begin \AtBeginDocument code.
Package caption Info: float package is loaded.
Package caption Info: End \AtBeginDocument code.
LaTeX Font Info:    Trying to load font information for U+lasy on input line 54.
 (/usr/local/Cellar/texlive/20240312/share/texmf-dist/tex/latex/base/ulasy.fd
File: ulasy.fd 1998/08/17 v2.2e LaTeX symbol font definitions
) [1

{/usr/local/Cellar/texlive/20240312/share/texmf-var/fonts/map/pdftex/updmap/pdftex.map}{/usr/local/Cellar/texlive/20240312/share/texmf-dist/fonts/enc/dvips/cm-super/cm-super-t1.enc}] [2]
LaTeX Font Info:    Trying to load font information for T1+cmtt on input line 74.
 (/usr/local/Cellar/texlive/20240312/share/texmf-dist/tex/latex/base/t1cmtt.fd
File: t1cmtt.fd 2023/04/13 v2.5m Standard LaTeX font definitions
) [3] (./thesis_main.lof)
\tf@lof=\write3
\openout3 = `thesis_main.lof'.

 (./thesis_main.lot
Overfull \hbox (2.47073pt too wide) in paragraph at lines 3--3
 [][] []\T1/cmr/m/n/10 Murderer Iden-ti-fi-ca-tion Ac-cu-racy across Three Ex-per-i-men-tal Con- 
 []

)
\tf@lot=\write4
\openout4 = `thesis_main.lot'.

 [4] (./thesis_main.toc [5])
\tf@toc=\write5
\openout5 = `thesis_main.toc'.

 [6] [7] [8]
Overfull \hbox (5.76353pt too wide) in paragraph at lines 135--136
[]\T1/cmr/bx/n/10 Classifier Val-i-da-tion and Cal-i-bra-tion\T1/cmr/m/n/10 : This study in-tro-duces a method-
 []

[9] [10] [11] [12]
Overfull \hbox (6.25122pt too wide) in paragraph at lines 205--206
[]\T1/cmr/m/n/10 To ad-dress this lim-i-ta-tion, the present study de-vel-ops a set of met-rics grounded
 []

[13]
Overfull \hbox (0.87851pt too wide) in paragraph at lines 209--210
\T1/cmr/m/n/10 specific vo-cab-u-lary or re-cur-ring ex-pres-sions. Such pat-terns may in-di-cate whether
 []

[14] [15] [16] [17] [18{/usr/local/Cellar/texlive/20240312/share/texmf-dist/fonts/enc/dvips/cm-super/cm-super-ts1.enc}]
Overfull \hbox (5.22755pt too wide) in paragraph at lines 285--286
[]\T1/cmr/bx/n/10 Collaboration Rules\T1/cmr/m/n/10 : This mod-ule de-fines global be-havioural con-straints,
 []

[19] [20] [21]
Overfull \hbox (136.54568pt too wide) in paragraph at lines 357--369
 [][] 
 []

[22]
Overfull \hbox (0.22491pt too wide) in paragraph at lines 387--388
[]\T1/cmr/m/n/10 The first con-fig-u-ra-tion was a three-class model dis-tin-guish-ing Holmes, Poirot,
 []

[23] [24] [25] [26] [27] [28]
Overfull \hbox (18.11755pt too wide) in paragraph at lines 524--532
 [][] 
 []

[29]
Overfull \hbox (15.52307pt too wide) in paragraph at lines 561--562
\T1/cmr/m/n/10 bil-ity as-signed by the trained clas-si-fier to the cor-rect char-ac-ter la-bel (\T1/cmtt/m/n/10 prob_correct\T1/cmr/m/n/10 )
 []

[30]
<figs/case1_prob_multi_agent.png, id=114, 578.16pt x 433.62pt>
File: figs/case1_prob_multi_agent.png Graphic file (type png)
<use figs/case1_prob_multi_agent.png>
Package pdftex.def Info: figs/case1_prob_multi_agent.png  used on input line 618.
(pdftex.def)             Requested size: 108.67378pt x 81.50204pt.
<figs/case1_brier_multi_agent.png, id=116, 578.16pt x 433.62pt>
File: figs/case1_brier_multi_agent.png Graphic file (type png)
<use figs/case1_brier_multi_agent.png>
Package pdftex.def Info: figs/case1_brier_multi_agent.png  used on input line 623.
(pdftex.def)             Requested size: 108.67378pt x 81.50204pt.
 [31]
<figs/case2_prob_multi_agent.png, id=121, 578.16pt x 433.62pt>
File: figs/case2_prob_multi_agent.png Graphic file (type png)
<use figs/case2_prob_multi_agent.png>
Package pdftex.def Info: figs/case2_prob_multi_agent.png  used on input line 637.
(pdftex.def)             Requested size: 108.67378pt x 81.50204pt.
<figs/case2_brier_multi_agent.png, id=122, 578.16pt x 433.62pt>
File: figs/case2_brier_multi_agent.png Graphic file (type png)
<use figs/case2_brier_multi_agent.png>
Package pdftex.def Info: figs/case2_brier_multi_agent.png  used on input line 642.
(pdftex.def)             Requested size: 108.67378pt x 81.50204pt.
<figs/case3_prob_multi_agent.png, id=123, 578.16pt x 433.62pt>
File: figs/case3_prob_multi_agent.png Graphic file (type png)
<use figs/case3_prob_multi_agent.png>
Package pdftex.def Info: figs/case3_prob_multi_agent.png  used on input line 656.
(pdftex.def)             Requested size: 108.67378pt x 81.50204pt.
<figs/case3_brier_multi_agent.png, id=124, 578.16pt x 433.62pt>
File: figs/case3_brier_multi_agent.png Graphic file (type png)
<use figs/case3_brier_multi_agent.png>
Package pdftex.def Info: figs/case3_brier_multi_agent.png  used on input line 661.
(pdftex.def)             Requested size: 108.67378pt x 81.50204pt.
 [32 <./figs/case1_prob_multi_agent.png> <./figs/case1_brier_multi_agent.png> <./figs/case2_prob_multi_agent.png> <./figs/case2_brier_multi_agent.png> <./figs/case3_prob_multi_agent.png> <./figs/case3_brier_multi_agent.png>] [33] [34] [35] [36]

LaTeX Warning: Command \textendash invalid in math mode on input line 794.


LaTeX Warning: Command \textendash invalid in math mode on input line 796.


Overfull \hbox (41.2874pt too wide) in paragraph at lines 811--818
 [][] 
 []

[37] [38]
Overfull \hbox (8.22789pt too wide) in paragraph at lines 857--863
 [][] 
 []

[39] [40] [41]
<figs/5.2_distance_over_turns_holmes.png, id=163, 578.16pt x 361.35pt>
File: figs/5.2_distance_over_turns_holmes.png Graphic file (type png)
<use figs/5.2_distance_over_turns_holmes.png>
Package pdftex.def Info: figs/5.2_distance_over_turns_holmes.png  used on input line 957.
(pdftex.def)             Requested size: 108.67378pt x 67.91837pt.
<figs/5.2_distance_over_turns_marple.png, id=164, 578.16pt x 361.35pt>
File: figs/5.2_distance_over_turns_marple.png Graphic file (type png)
<use figs/5.2_distance_over_turns_marple.png>
Package pdftex.def Info: figs/5.2_distance_over_turns_marple.png  used on input line 962.
(pdftex.def)             Requested size: 108.67378pt x 67.91837pt.
 [42]
<figs/5.2_distance_over_turns_poirot.png, id=168, 578.16pt x 361.35pt>
File: figs/5.2_distance_over_turns_poirot.png Graphic file (type png)
<use figs/5.2_distance_over_turns_poirot.png>
Package pdftex.def Info: figs/5.2_distance_over_turns_poirot.png  used on input line 976.
(pdftex.def)             Requested size: 108.67378pt x 67.91837pt.
<figs/5.2_slope_boxplot_by_character.png, id=169, 433.62pt x 361.35pt>
File: figs/5.2_slope_boxplot_by_character.png Graphic file (type png)
<use figs/5.2_slope_boxplot_by_character.png>
Package pdftex.def Info: figs/5.2_slope_boxplot_by_character.png  used on input line 981.
(pdftex.def)             Requested size: 108.67378pt x 90.55782pt.
 [43 <./figs/5.2_distance_over_turns_holmes.png> <./figs/5.2_distance_over_turns_marple.png> <./figs/5.2_distance_over_turns_poirot.png> <./figs/5.2_slope_boxplot_by_character.png>] [44]
Overfull \hbox (2.6189pt too wide) in paragraph at lines 1039--1040
[]\T1/cmr/m/n/10 Reference-based syn-tac-tic de-vi-a-tion ($\OML/cmm/m/it/10 z[]$\T1/cmr/m/n/10 ) shows mod-er-ate align-ment (0.541),
 []

[45] [46]
Overfull \hbox (1.80669pt too wide) in paragraph at lines 1117--1117
|[]\T1/cmr/bx/n/12 A Multi-level In-ter-pre-ta-tion Of Char-ac-ter Con-sis-tency| 
 []

(./thesis_main.bbl [47] [48]
Underfull \hbox (badness 1478) in paragraph at lines 91--94
\T1/cmr/m/n/10 Chawla, Olaf Wiest, and Xi-an-gliang Zhang.  Large lan-guage model
 []

[49] [50] [51]) [52] (./thesis_main.aux)
 ***********
LaTeX2e <2023-11-01> patch level 1
L3 programming layer <2024-02-20>
 ***********
 ) 
Here is how much of TeX's memory you used:
 6678 strings out of 474116
 112858 string characters out of 5735128
 1940187 words of memory out of 5000000
 28920 multiletter control sequences out of 15000+600000
 573435 words of font info for 72 fonts, out of 8000000 for 9000
 1141 hyphenation exceptions out of 8191
 61i,12n,80p,1482b,546s stack positions out of 10000i,1000n,20000p,200000b,200000s
</usr/local/Cellar/texlive/20240312/share/texmf-dist/fonts/type1/public/amsfonts/cm/cmmi10.pfb></usr/local/Cellar/texlive/20240312/share/texmf-dist/fonts/type1/public/amsfonts/cm/cmmi7.pfb></usr/local/Cellar/texlive/20240312/share/texmf-dist/fonts/type1/public/amsfonts/cm/cmr10.pfb></usr/local/Cellar/texlive/20240312/share/texmf-dist/fonts/type1/public/amsfonts/cm/cmr7.pfb></usr/local/Cellar/texlive/20240312/share/texmf-dist/fonts/type1/public/amsfonts/cm/cmsy10.pfb></usr/local/Cellar/texlive/20240312/share/texmf-dist/fonts/type1/public/cm-super/sfbx1000.pfb></usr/local/Cellar/texlive/20240312/share/texmf-dist/fonts/type1/public/cm-super/sfbx1200.pfb></usr/local/Cellar/texlive/20240312/share/texmf-dist/fonts/type1/public/cm-super/sfbx1440.pfb></usr/local/Cellar/texlive/20240312/share/texmf-dist/fonts/type1/public/cm-super/sfrm0600.pfb></usr/local/Cellar/texlive/20240312/share/texmf-dist/fonts/type1/public/cm-super/sfrm0700.pfb></usr/local/Cellar/texlive/20240312/share/texmf-dist/fonts/type1/public/cm-super/sfrm0900.pfb></usr/local/Cellar/texlive/20240312/share/texmf-dist/fonts/type1/public/cm-super/sfrm1000.pfb></usr/local/Cellar/texlive/20240312/share/texmf-dist/fonts/type1/public/cm-super/sfrm1200.pfb></usr/local/Cellar/texlive/20240312/share/texmf-dist/fonts/type1/public/cm-super/sfrm1728.pfb></usr/local/Cellar/texlive/20240312/share/texmf-dist/fonts/type1/public/cm-super/sfti1000.pfb></usr/local/Cellar/texlive/20240312/share/texmf-dist/fonts/type1/public/cm-super/sftt0800.pfb></usr/local/Cellar/texlive/20240312/share/texmf-dist/fonts/type1/public/cm-super/sftt1000.pfb>
Output written on thesis_main.pdf (52 pages, 2703451 bytes).
PDF statistics:
 284 PDF objects out of 1000 (max. 8388607)
 173 compressed objects within 2 object streams
 0 named destinations out of 1000 (max. 500000)
 51 words of extra memory for PDF output out of 10000 (max. 10000000)

